// Jest Snapshot v1, https://goo.gl/fbAQLP

exports[`MongoBinary getPath should not trigger an download an error if "RUNTIME_DOWNLOAD" is false and no binary is found 1`] = `"MongoBinary.getPath: could not find an valid binary path! (Got: \\"undefined\\", RUNTIME_DOWNLOAD: \\"false\\")"`;

exports[`MongoBinary getPath systemBinary should throw an error if SYSTEM_BINARY is set, but no binary can be found 1`] = `"Option \\"SYSTEM_BINARY\\" was set, but binaryPath was empty! (system binary could not be found?) [This Error should normally not be thrown, please report this]"`;
