// Jest Snapshot v1, https://goo.gl/fbAQLP

exports[`MongoBinaryDownload makeMD5check throws an error if md5 of downloaded mongoDBArchive is NOT the same as in the reference result 1`] = `"{\\"binarymd5\\":\\"anotherMD5\\",\\"checkfilemd5\\":\\"someMD5\\"}"`;

exports[`MongoBinaryDownload should passthrough options to MongoBinaryDownloadUrl 1`] = `"/path/to/somewhere/mongod-x64-custom-4.0.0"`;
