// Jest Snapshot v1, https://goo.gl/fbAQLP

exports[`Single MongoMemoryServer should successfully set & get information from the database 1`] = `
Object {
  "n": 2,
  "ok": 1,
}
`;
